../Core/Src/main.c:160:6:LCD_write	16	static
../Core/Src/main.c:169:6:LCD_reset	8	static
../Core/Src/main.c:177:6:LCD_init	8	static
../Core/Src/main.c:190:6:LCD_setCursor	16	static
../Core/Src/main.c:199:6:LCD_printChar	24	static
../Core/Src/main.c:208:6:LCD_print	16	static
../Core/Src/main.c:225:5:main	8	static
../Core/Src/main.c:278:6:SystemClock_Config	88	static
../Core/Src/main.c:320:13:MX_SPI1_Init	8	static
../Core/Src/main.c:358:13:MX_GPIO_Init	40	static
../Core/Src/main.c:402:6:Error_Handler	4	static,ignoring_inline_asm
