../Core/Src/main.c:41:6:delay_ms	16	static
../Core/Src/main.c:48:6:delay_us	16	static
../Core/Src/main.c:54:6:DHT11_Pin_Output	32	static
../Core/Src/main.c:66:6:DHT11_Pin_Input	32	static
../Core/Src/main.c:76:6:DHT11_Start	8	static
../Core/Src/main.c:87:9:DHT11_Read	40	static
../Core/Src/main.c:171:5:main	16	static
../Core/Src/main.c:206:6:SystemClock_Config	88	static
../Core/Src/main.c:238:13:MX_TIM6_Init	16	static
../Core/Src/main.c:251:6:Error_Handler	4	static,ignoring_inline_asm
../Core/Src/main.c:264:13:MX_TIM7_Init	16	static
../Core/Src/main.c:281:13:MX_GPIO_Init	32	static
